MPLINK 4.49, Linker
Linker Map File - Created Wed Mar 13 18:52:42 2024

                                 Section Info
                  Section       Type    Address   Location Size(Bytes)
                ---------  ---------  ---------  ---------  ---------
                   .org_0       code   0x000000    program   0x000000
                   .org_1       code   0x000000    program   0x00001e



                              Program Memory Usage 
                               Start         End      
                           ---------   ---------      
                            0x000000    0x00000e      
            15 out of 8454 program addresses used, program memory utilization is 0%



                              Symbols - Sorted by Name
                     Name    Address   Location    Storage File                     
                ---------  ---------  ---------  --------- ---------                
                   BOUCLE   0x000004    program     static C:\Users\ljoire\OneDrive - Groupe SEB\Bureau\ESME_A2S\projet\ProjetAssembleur\SignalCarre.asm
              DELAIS_LOOP   0x000007    program     static C:\Users\ljoire\OneDrive - Groupe SEB\Bureau\ESME_A2S\projet\ProjetAssembleur\SignalCarre.asm
             DELAIS_LOOP2   0x00000c    program     static C:\Users\ljoire\OneDrive - Groupe SEB\Bureau\ESME_A2S\projet\ProjetAssembleur\SignalCarre.asm
           PROG_PRINCIPAL   0x000001    program     static C:\Users\ljoire\OneDrive - Groupe SEB\Bureau\ESME_A2S\projet\ProjetAssembleur\SignalCarre.asm



                              Symbols - Sorted by Address
                     Name    Address   Location    Storage File                     
                ---------  ---------  ---------  --------- ---------                
           PROG_PRINCIPAL   0x000001    program     static C:\Users\ljoire\OneDrive - Groupe SEB\Bureau\ESME_A2S\projet\ProjetAssembleur\SignalCarre.asm
                   BOUCLE   0x000004    program     static C:\Users\ljoire\OneDrive - Groupe SEB\Bureau\ESME_A2S\projet\ProjetAssembleur\SignalCarre.asm
              DELAIS_LOOP   0x000007    program     static C:\Users\ljoire\OneDrive - Groupe SEB\Bureau\ESME_A2S\projet\ProjetAssembleur\SignalCarre.asm
             DELAIS_LOOP2   0x00000c    program     static C:\Users\ljoire\OneDrive - Groupe SEB\Bureau\ESME_A2S\projet\ProjetAssembleur\SignalCarre.asm


