MPLINK 4.49, Linker
Linker Map File - Created Fri Mar 08 10:38:49 2024

                                 Section Info
                  Section       Type    Address   Location Size(Bytes)
                ---------  ---------  ---------  ---------  ---------
                   .org_0       code   0x000000    program   0x000000
                   .org_1       code   0x000000    program   0x000028



                              Program Memory Usage 
                               Start         End      
                           ---------   ---------      
                            0x000000    0x000013      
            20 out of 8454 program addresses used, program memory utilization is 0%



                              Symbols - Sorted by Name
                     Name    Address   Location    Storage File                     
                ---------  ---------  ---------  --------- ---------                
          ConversionBegin   0x00000f    program     static C:\Users\ljoire\OneDrive - Groupe SEB\Bureau\ESME_A2S\projet\ProjetAssembleur\CAN\CAN.asm
            EndConversion   0x000010    program     static C:\Users\ljoire\OneDrive - Groupe SEB\Bureau\ESME_A2S\projet\ProjetAssembleur\CAN\CAN.asm
           PROG_PRINCIPAL   0x000001    program     static C:\Users\ljoire\OneDrive - Groupe SEB\Bureau\ESME_A2S\projet\ProjetAssembleur\CAN\CAN.asm



                              Symbols - Sorted by Address
                     Name    Address   Location    Storage File                     
                ---------  ---------  ---------  --------- ---------                
           PROG_PRINCIPAL   0x000001    program     static C:\Users\ljoire\OneDrive - Groupe SEB\Bureau\ESME_A2S\projet\ProjetAssembleur\CAN\CAN.asm
          ConversionBegin   0x00000f    program     static C:\Users\ljoire\OneDrive - Groupe SEB\Bureau\ESME_A2S\projet\ProjetAssembleur\CAN\CAN.asm
            EndConversion   0x000010    program     static C:\Users\ljoire\OneDrive - Groupe SEB\Bureau\ESME_A2S\projet\ProjetAssembleur\CAN\CAN.asm


