MPLINK 4.49, Linker
Linker Map File - Created Fri Mar 15 15:32:59 2024

                                 Section Info
                  Section       Type    Address   Location Size(Bytes)
                ---------  ---------  ---------  ---------  ---------
                   .org_0       code   0x000000    program   0x000000
                   .org_1       code   0x000000    program   0x000032



                              Program Memory Usage 
                               Start         End      
                           ---------   ---------      
                            0x000000    0x000018      
            25 out of 8454 program addresses used, program memory utilization is 0%



                              Symbols - Sorted by Name
                     Name    Address   Location    Storage File                     
                ---------  ---------  ---------  --------- ---------                
       FinConversionUnite   0x000012    program     static C:\Users\ljoire\OneDrive - Groupe SEB\Bureau\ESME_A2S\projet\ProjetAssembleur\CBN_to_DCB\CbnToDcb.asm
     FinConvertionDizaine   0x000016    program     static C:\Users\ljoire\OneDrive - Groupe SEB\Bureau\ESME_A2S\projet\ProjetAssembleur\CBN_to_DCB\CbnToDcb.asm
           PROG_PRINCIPAL   0x000008    program     static C:\Users\ljoire\OneDrive - Groupe SEB\Bureau\ESME_A2S\projet\ProjetAssembleur\CBN_to_DCB\CbnToDcb.asm
                    SUB10   0x000001    program     static C:\Users\ljoire\OneDrive - Groupe SEB\Bureau\ESME_A2S\projet\ProjetAssembleur\CBN_to_DCB\CbnToDcb.asm
             finprogramme   0x000018    program     static C:\Users\ljoire\OneDrive - Groupe SEB\Bureau\ESME_A2S\projet\ProjetAssembleur\CBN_to_DCB\CbnToDcb.asm



                              Symbols - Sorted by Address
                     Name    Address   Location    Storage File                     
                ---------  ---------  ---------  --------- ---------                
                    SUB10   0x000001    program     static C:\Users\ljoire\OneDrive - Groupe SEB\Bureau\ESME_A2S\projet\ProjetAssembleur\CBN_to_DCB\CbnToDcb.asm
           PROG_PRINCIPAL   0x000008    program     static C:\Users\ljoire\OneDrive - Groupe SEB\Bureau\ESME_A2S\projet\ProjetAssembleur\CBN_to_DCB\CbnToDcb.asm
       FinConversionUnite   0x000012    program     static C:\Users\ljoire\OneDrive - Groupe SEB\Bureau\ESME_A2S\projet\ProjetAssembleur\CBN_to_DCB\CbnToDcb.asm
     FinConvertionDizaine   0x000016    program     static C:\Users\ljoire\OneDrive - Groupe SEB\Bureau\ESME_A2S\projet\ProjetAssembleur\CBN_to_DCB\CbnToDcb.asm
             finprogramme   0x000018    program     static C:\Users\ljoire\OneDrive - Groupe SEB\Bureau\ESME_A2S\projet\ProjetAssembleur\CBN_to_DCB\CbnToDcb.asm


